/home/keio/cpptest_git/cpptest_docker/sagyou/cpptest_docker/DevelopSampleProject/BugDetective/arrayOutOfBounds.c
/home/keio/cpptest_git/cpptest_docker/sagyou/cpptest_docker/DevelopSampleProject/BugDetective/bufferOverflow.c
/home/keio/cpptest_git/cpptest_docker/sagyou/cpptest_docker/DevelopSampleProject/BugDetective/dbutil.c
/home/keio/cpptest_git/cpptest_docker/sagyou/cpptest_docker/DevelopSampleProject/BugDetective/dbutil.h
/home/keio/cpptest_git/cpptest_docker/sagyou/cpptest_docker/DevelopSampleProject/BugDetective/divisionByZero.c
/home/keio/cpptest_git/cpptest_docker/sagyou/cpptest_docker/DevelopSampleProject/BugDetective/fileLeaks.c
/home/keio/cpptest_git/cpptest_docker/sagyou/cpptest_docker/DevelopSampleProject/BugDetective/integerOverflow.c
/home/keio/cpptest_git/cpptest_docker/sagyou/cpptest_docker/DevelopSampleProject/BugDetective/memoryLeaks.c
/home/keio/cpptest_git/cpptest_docker/sagyou/cpptest_docker/DevelopSampleProject/BugDetective/nullPointerDeref.c
/home/keio/cpptest_git/cpptest_docker/sagyou/cpptest_docker/DevelopSampleProject/BugDetective/nullPointerDerefBenchmark.c
/home/keio/cpptest_git/cpptest_docker/sagyou/cpptest_docker/DevelopSampleProject/BugDetective/socket.h
/home/keio/cpptest_git/cpptest_docker/sagyou/cpptest_docker/DevelopSampleProject/BugDetective/sql.c
/home/keio/cpptest_git/cpptest_docker/sagyou/cpptest_docker/DevelopSampleProject/BugDetective/sql.h
/home/keio/cpptest_git/cpptest_docker/sagyou/cpptest_docker/DevelopSampleProject/BugDetective/sqlInjection.c
/home/keio/cpptest_git/cpptest_docker/sagyou/cpptest_docker/DevelopSampleProject/BugDetective/unreachableCode.c
/home/keio/cpptest_git/cpptest_docker/sagyou/cpptest_docker/DevelopSampleProject/BugDetective/useBeforeInit.c
